2026-08-15 11:27:25 [INFO] MongoDB connected successfully
2026-08-15 11:27:28 [INFO] MongoDB connected successfully
2026-08-15 11:27:40 [INFO] MongoDB connected successfully
2026-08-15 11:27:40 [INFO] Server listening on port 5000
2026-08-15 11:27:40 [INFO] GET / 200 1.819 ms
2026-08-15 11:27:45 [INFO] GET /health 200 0.801 ms
2026-08-15 11:27:45 [INFO] POST /api/auth/login 200 51.565 ms
2026-08-15 11:27:45 [INFO] GET /api/jobs?limit=3 200 14.700 ms
2026-08-15 11:27:45 [INFO] GET /api/jobs/candidate-dashboard 200 12.904 ms
2026-08-15 11:28:33 [INFO] MongoDB connected successfully
2026-08-15 11:28:33 [INFO] Server listening on port 5000
2026-08-15 11:29:26 [INFO] MongoDB connected successfully
2026-08-15 11:29:26 [INFO] Server listening on port 5000
2026-08-15 11:30:43 [INFO] MongoDB connected successfully
2026-08-15 11:30:43 [INFO] Server listening on port 5000
2026-08-15 11:31:23 [INFO] MongoDB connected successfully
2026-08-15 11:31:23 [INFO] Server listening on port 5000
2026-08-15 11:31:49 [INFO] MongoDB connected successfully
2026-08-15 11:31:49 [INFO] Server listening on port 5000
2026-08-15 11:32:21 [INFO] MongoDB connected successfully
2026-08-15 11:32:21 [INFO] Server listening on port 5000
2026-08-15 11:33:02 [INFO] MongoDB connected successfully
2026-08-15 11:33:02 [INFO] Server listening on port 5000
2026-08-15 11:33:12 [INFO] MongoDB connected successfully
2026-08-15 11:33:12 [INFO] Server listening on port 5000
2026-08-15 11:33:27 [INFO] POST /api/matching/resume/analyze-text 200 27.193 ms
2026-08-15 11:33:39 [INFO] MongoDB connected successfully
2026-08-15 11:33:39 [INFO] Server listening on port 5000
2026-08-15 11:33:47 [INFO] MongoDB connected successfully
2026-08-15 11:33:47 [INFO] Server listening on port 5000
2026-08-15 11:34:00 [INFO] POST /api/auth/login 200 53.917 ms
2026-08-15 11:34:00 [INFO] POST /api/auth/login 200 25.379 ms
2026-08-15 11:34:00 [INFO] GET /api/matching/recommendations?limit=3 200 14.905 ms
2026-08-15 11:34:00 [INFO] GET /api/jobs/my-jobs 200 12.086 ms
2026-08-15 11:34:00 [INFO] GET /api/matching/jobs/6a804d206b249ae55be92265/ranking 200 15.866 ms
2026-08-15 11:45:20 [INFO] GET /api/jobs?limit=1 200 11.653 ms
2026-08-15 12:05:30 [INFO] POST /api/auth/login 200 25.494 ms
2026-08-15 12:05:30 [INFO] POST /api/auth/login 200 24.529 ms
2026-08-15 12:05:30 [INFO] GET /api/jobs?limit=2 200 8.948 ms
2026-08-15 12:05:30 [INFO] POST /api/matching/resume/analyze-text 200 3.293 ms
2026-08-15 12:05:30 [INFO] GET /api/user/profile 200 4.512 ms
2026-08-15 12:05:30 [INFO] GET /api/matching/recommendations 200 7.770 ms
2026-08-15 12:05:30 [INFO] GET /api/matching/resume/analysis 200 5.313 ms
2026-08-15 12:05:30 [INFO] GET /api/jobs/candidate-dashboard 200 9.955 ms
2026-08-15 12:05:30 [INFO] GET /api/jobs/my-jobs 200 6.704 ms
2026-08-15 12:05:30 [INFO] GET /api/jobs/dashboard 200 7.840 ms
2026-08-15 12:05:30 [INFO] GET /api/jobs/analytics 200 6.208 ms
2026-08-15 12:05:30 [ERROR] Error: You are not authorized to access this resource.
    at /home/user/HireSmart-AI/server/middleware/authMiddleware.js:43:17
    at Layer.handleRequest (/home/user/HireSmart-AI/server/node_modules/router/lib/layer.js:152:17)
    at next (/home/user/HireSmart-AI/server/node_modules/router/lib/route.js:157:13)
    at exports.protect (/home/user/HireSmart-AI/server/middleware/authMiddleware.js:33:9)
    at process.processTicksAndRejections (node:internal/process/task_queues:103:5)
2026-08-15 12:05:30 [INFO] GET /api/jobs/my-jobs 403 3.580 ms
2026-08-15 12:05:30 [ERROR] Error: Access denied. No token provided.
    at exports.protect (/home/user/HireSmart-AI/server/middleware/authMiddleware.js:18:25)
    at Layer.handleRequest (/home/user/HireSmart-AI/server/node_modules/router/lib/layer.js:152:17)
    at next (/home/user/HireSmart-AI/server/node_modules/router/lib/route.js:157:13)
    at Route.dispatch (/home/user/HireSmart-AI/server/node_modules/router/lib/route.js:117:3)
    at handle (/home/user/HireSmart-AI/server/node_modules/router/index.js:435:11)
    at Layer.handleRequest (/home/user/HireSmart-AI/server/node_modules/router/lib/layer.js:152:17)
    at /home/user/HireSmart-AI/server/node_modules/router/index.js:295:15
    at processParams (/home/user/HireSmart-AI/server/node_modules/router/index.js:582:12)
    at next (/home/user/HireSmart-AI/server/node_modules/router/index.js:291:5)
    at Function.handle (/home/user/HireSmart-AI/server/node_modules/router/index.js:186:3)
    at router (/home/user/HireSmart-AI/server/node_modules/router/index.js:60:12)
    at Layer.handleRequest (/home/user/HireSmart-AI/server/node_modules/router/lib/layer.js:152:17)
    at trimPrefix (/home/user/HireSmart-AI/server/node_modules/router/index.js:342:13)
    at /home/user/HireSmart-AI/server/node_modules/router/index.js:297:9
    at processParams (/home/user/HireSmart-AI/server/node_modules/router/index.js:582:12)
    at next (/home/user/HireSmart-AI/server/node_modules/router/index.js:291:5)
2026-08-15 12:05:30 [INFO] GET /api/user/profile 401 1.288 ms
2026-08-15 12:05:30 [ERROR] Error: Please provide a valid email address
    at validateLogin (/home/user/HireSmart-AI/server/validators/authValidator.js:34:15)
    at /home/user/HireSmart-AI/server/controllers/authController.js:145:5
    at /home/user/HireSmart-AI/server/middleware/asyncHandler.js:3:25
    at Layer.handleRequest (/home/user/HireSmart-AI/server/node_modules/router/lib/layer.js:152:17)
    at next (/home/user/HireSmart-AI/server/node_modules/router/lib/route.js:157:13)
    at Route.dispatch (/home/user/HireSmart-AI/server/node_modules/router/lib/route.js:117:3)
    at handle (/home/user/HireSmart-AI/server/node_modules/router/index.js:435:11)
    at Layer.handleRequest (/home/user/HireSmart-AI/server/node_modules/router/lib/layer.js:152:17)
    at /home/user/HireSmart-AI/server/node_modules/router/index.js:295:15
    at processParams (/home/user/HireSmart-AI/server/node_modules/router/index.js:582:12)
    at next (/home/user/HireSmart-AI/server/node_modules/router/index.js:291:5)
    at Function.handle (/home/user/HireSmart-AI/server/node_modules/router/index.js:186:3)
    at router (/home/user/HireSmart-AI/server/node_modules/router/index.js:60:12)
    at Layer.handleRequest (/home/user/HireSmart-AI/server/node_modules/router/lib/layer.js:152:17)
    at trimPrefix (/home/user/HireSmart-AI/server/node_modules/router/index.js:342:13)
    at /home/user/HireSmart-AI/server/node_modules/router/index.js:297:9
2026-08-15 12:05:30 [INFO] POST /api/auth/login 400 1.167 ms
