2026-08-01 17:34:50 [ERROR] Error: Password must contain at least 12 characters
    at validateRegistration (D:\HireSmart-AI\server\controllers\AuthController.js:32:15)
    at createUser (D:\HireSmart-AI\server\controllers\AuthController.js:68:5)
    at D:\HireSmart-AI\server\controllers\AuthController.js:88:24
    at D:\HireSmart-AI\server\middleware\asyncHandler.js:3:25
    at Layer.handleRequest (D:\HireSmart-AI\server\node_modules\router\lib\layer.js:152:17)
    at next (D:\HireSmart-AI\server\node_modules\router\lib\route.js:157:13)
    at Route.dispatch (D:\HireSmart-AI\server\node_modules\router\lib\route.js:117:3)
    at handle (D:\HireSmart-AI\server\node_modules\router\index.js:435:11)
    at Layer.handleRequest (D:\HireSmart-AI\server\node_modules\router\lib\layer.js:152:17)
    at D:\HireSmart-AI\server\node_modules\router\index.js:295:15
2026-08-01 17:37:45 [ERROR] Error: Password must contain at least 8 characters
    at validateRegistration (D:\HireSmart-AI\server\controllers\AuthController.js:32:15)
    at createUser (D:\HireSmart-AI\server\controllers\AuthController.js:68:5)
    at D:\HireSmart-AI\server\controllers\AuthController.js:88:24
    at D:\HireSmart-AI\server\middleware\asyncHandler.js:3:25
    at Layer.handleRequest (D:\HireSmart-AI\server\node_modules\router\lib\layer.js:152:17)
    at next (D:\HireSmart-AI\server\node_modules\router\lib\route.js:157:13)
    at Route.dispatch (D:\HireSmart-AI\server\node_modules\router\lib\route.js:117:3)
    at handle (D:\HireSmart-AI\server\node_modules\router\index.js:435:11)
    at Layer.handleRequest (D:\HireSmart-AI\server\node_modules\router\lib\layer.js:152:17)
    at D:\HireSmart-AI\server\node_modules\router\index.js:295:15
2026-08-01 17:38:34 [ERROR] Error: Password must contain at least 8 characters
    at validateRegistration (D:\HireSmart-AI\server\controllers\AuthController.js:32:15)
    at createUser (D:\HireSmart-AI\server\controllers\AuthController.js:68:5)
    at D:\HireSmart-AI\server\controllers\AuthController.js:88:24
    at D:\HireSmart-AI\server\middleware\asyncHandler.js:3:25
    at Layer.handleRequest (D:\HireSmart-AI\server\node_modules\router\lib\layer.js:152:17)
    at next (D:\HireSmart-AI\server\node_modules\router\lib\route.js:157:13)
    at Route.dispatch (D:\HireSmart-AI\server\node_modules\router\lib\route.js:117:3)
    at handle (D:\HireSmart-AI\server\node_modules\router\index.js:435:11)
    at Layer.handleRequest (D:\HireSmart-AI\server\node_modules\router\lib\layer.js:152:17)
    at D:\HireSmart-AI\server\node_modules\router\index.js:295:15
2026-08-01 17:44:07 [ERROR] Error: Route POST /api/login was not found
    at D:\HireSmart-AI\server\app.js:96:10
    at Layer.handleRequest (D:\HireSmart-AI\server\node_modules\router\lib\layer.js:152:17)
    at trimPrefix (D:\HireSmart-AI\server\node_modules\router\index.js:342:13)
    at D:\HireSmart-AI\server\node_modules\router\index.js:297:9
    at processParams (D:\HireSmart-AI\server\node_modules\router\index.js:582:12)
    at next (D:\HireSmart-AI\server\node_modules\router\index.js:291:5)
    at D:\HireSmart-AI\server\node_modules\express-rate-limit\dist\index.cjs:1053:7
    at process.processTicksAndRejections (node:internal/process/task_queues:104:5)
    at async D:\HireSmart-AI\server\node_modules\express-rate-limit\dist\index.cjs:873:5
2026-08-01 17:44:14 [ERROR] Error: Route POST /api/login was not found
    at D:\HireSmart-AI\server\app.js:96:10
    at Layer.handleRequest (D:\HireSmart-AI\server\node_modules\router\lib\layer.js:152:17)
    at trimPrefix (D:\HireSmart-AI\server\node_modules\router\index.js:342:13)
    at D:\HireSmart-AI\server\node_modules\router\index.js:297:9
    at processParams (D:\HireSmart-AI\server\node_modules\router\index.js:582:12)
    at next (D:\HireSmart-AI\server\node_modules\router\index.js:291:5)
    at D:\HireSmart-AI\server\node_modules\express-rate-limit\dist\index.cjs:1053:7
    at process.processTicksAndRejections (node:internal/process/task_queues:104:5)
    at async D:\HireSmart-AI\server\node_modules\express-rate-limit\dist\index.cjs:873:5
2026-08-01 17:44:39 [ERROR] TypeError: Cannot destructure property 'email' of 'req.body' as it is undefined.
    at D:\HireSmart-AI\server\controllers\AuthController.js:118:13
    at D:\HireSmart-AI\server\middleware\asyncHandler.js:3:25
    at Layer.handleRequest (D:\HireSmart-AI\server\node_modules\router\lib\layer.js:152:17)
    at next (D:\HireSmart-AI\server\node_modules\router\lib\route.js:157:13)
    at Route.dispatch (D:\HireSmart-AI\server\node_modules\router\lib\route.js:117:3)
    at handle (D:\HireSmart-AI\server\node_modules\router\index.js:435:11)
    at Layer.handleRequest (D:\HireSmart-AI\server\node_modules\router\lib\layer.js:152:17)
    at D:\HireSmart-AI\server\node_modules\router\index.js:295:15
    at processParams (D:\HireSmart-AI\server\node_modules\router\index.js:582:12)
    at next (D:\HireSmart-AI\server\node_modules\router\index.js:291:5)
2026-08-01 17:46:00 [ERROR] Error: Invalid email or password
    at D:\HireSmart-AI\server\controllers\AuthController.js:127:15
    at process.processTicksAndRejections (node:internal/process/task_queues:104:5)
2026-08-01 17:46:03 [ERROR] Error: Invalid email or password
    at D:\HireSmart-AI\server\controllers\AuthController.js:127:15
    at process.processTicksAndRejections (node:internal/process/task_queues:104:5)
2026-08-01 17:46:05 [ERROR] Error: Invalid email or password
    at D:\HireSmart-AI\server\controllers\AuthController.js:127:15
    at process.processTicksAndRejections (node:internal/process/task_queues:104:5)
2026-08-01 17:51:35 [ERROR] Error: This job is not accepting applications
    at D:\HireSmart-AI\server\controllers\jobController.js:334:15
    at process.processTicksAndRejections (node:internal/process/task_queues:104:5)
2026-08-01 18:31:47 [ERROR] Error: Invalid email or password
    at D:\HireSmart-AI\server\controllers\AuthController.js:150:15
2026-08-01 18:32:09 [ERROR] Error: An account with this email already exists
    at createUser (D:\HireSmart-AI\server\controllers\AuthController.js:74:15)
    at process.processTicksAndRejections (node:internal/process/task_queues:104:5)
    at async D:\HireSmart-AI\server\controllers\AuthController.js:88:18
2026-08-01 18:55:37 [ERROR] Error: Invalid email or password
    at D:\HireSmart-AI\server\controllers\AuthController.js:150:15
2026-08-01 18:56:07 [ERROR] Error: Invalid email or password
    at D:\HireSmart-AI\server\controllers\AuthController.js:150:15
2026-08-01 19:12:44 [ERROR] Error: Route POST /api/auth/update was not found
    at D:\HireSmart-AI\server\app.js:96:10
    at Layer.handleRequest (D:\HireSmart-AI\server\node_modules\router\lib\layer.js:152:17)
    at trimPrefix (D:\HireSmart-AI\server\node_modules\router\index.js:342:13)
    at D:\HireSmart-AI\server\node_modules\router\index.js:297:9
    at processParams (D:\HireSmart-AI\server\node_modules\router\index.js:582:12)
    at next (D:\HireSmart-AI\server\node_modules\router\index.js:291:5)
    at D:\HireSmart-AI\server\node_modules\router\index.js:688:15
    at next (D:\HireSmart-AI\server\node_modules\router\index.js:276:14)
    at router.handle (D:\HireSmart-AI\server\node_modules\router\index.js:186:3)
    at router (D:\HireSmart-AI\server\node_modules\router\index.js:60:12)
2026-08-01 19:13:02 [ERROR] Error: Route PUT /api/auth/update was not found
    at D:\HireSmart-AI\server\app.js:96:10
    at Layer.handleRequest (D:\HireSmart-AI\server\node_modules\router\lib\layer.js:152:17)
    at trimPrefix (D:\HireSmart-AI\server\node_modules\router\index.js:342:13)
    at D:\HireSmart-AI\server\node_modules\router\index.js:297:9
    at processParams (D:\HireSmart-AI\server\node_modules\router\index.js:582:12)
    at next (D:\HireSmart-AI\server\node_modules\router\index.js:291:5)
    at D:\HireSmart-AI\server\node_modules\router\index.js:688:15
    at next (D:\HireSmart-AI\server\node_modules\router\index.js:276:14)
    at router.handle (D:\HireSmart-AI\server\node_modules\router\index.js:186:3)
    at router (D:\HireSmart-AI\server\node_modules\router\index.js:60:12)
2026-08-01 19:13:43 [ERROR] Error: Route PUT /api/auth/job/6a6df6e2fe7c76c651d9ac9f was not found
    at D:\HireSmart-AI\server\app.js:96:10
    at Layer.handleRequest (D:\HireSmart-AI\server\node_modules\router\lib\layer.js:152:17)
    at trimPrefix (D:\HireSmart-AI\server\node_modules\router\index.js:342:13)
    at D:\HireSmart-AI\server\node_modules\router\index.js:297:9
    at processParams (D:\HireSmart-AI\server\node_modules\router\index.js:582:12)
    at next (D:\HireSmart-AI\server\node_modules\router\index.js:291:5)
    at D:\HireSmart-AI\server\node_modules\router\index.js:688:15
    at next (D:\HireSmart-AI\server\node_modules\router\index.js:276:14)
    at router.handle (D:\HireSmart-AI\server\node_modules\router\index.js:186:3)
    at router (D:\HireSmart-AI\server\node_modules\router\index.js:60:12)
2026-08-01 19:17:36 [ERROR] TypeError: Cannot read properties of undefined (reading 'title')
    at buildJobPayload (D:\HireSmart-AI\server\controllers\jobController.js:64:17)
    at D:\HireSmart-AI\server\controllers\jobController.js:266:21
    at process.processTicksAndRejections (node:internal/process/task_queues:104:5)
2026-08-01 19:18:46 [ERROR] TypeError: Cannot read properties of undefined (reading 'title')
    at buildJobPayload (D:\HireSmart-AI\server\controllers\jobController.js:64:17)
    at D:\HireSmart-AI\server\controllers\jobController.js:266:21
    at process.processTicksAndRejections (node:internal/process/task_queues:104:5)
2026-08-01 19:19:09 [ERROR] Error: Route PUT /api/jobs/my-jobs/6a6df6e2fe7c76c651d9ac9f was not found
    at D:\HireSmart-AI\server\app.js:96:10
    at Layer.handleRequest (D:\HireSmart-AI\server\node_modules\router\lib\layer.js:152:17)
    at trimPrefix (D:\HireSmart-AI\server\node_modules\router\index.js:342:13)
    at D:\HireSmart-AI\server\node_modules\router\index.js:297:9
    at processParams (D:\HireSmart-AI\server\node_modules\router\index.js:582:12)
    at next (D:\HireSmart-AI\server\node_modules\router\index.js:291:5)
    at D:\HireSmart-AI\server\node_modules\router\index.js:688:15
    at next (D:\HireSmart-AI\server\node_modules\router\index.js:276:14)
    at router.handle (D:\HireSmart-AI\server\node_modules\router\index.js:186:3)
    at router (D:\HireSmart-AI\server\node_modules\router\index.js:60:12)
2026-08-01 19:19:19 [ERROR] Error: Route PUT /api/jobs/myjobs/6a6df6e2fe7c76c651d9ac9f was not found
    at D:\HireSmart-AI\server\app.js:96:10
    at Layer.handleRequest (D:\HireSmart-AI\server\node_modules\router\lib\layer.js:152:17)
    at trimPrefix (D:\HireSmart-AI\server\node_modules\router\index.js:342:13)
    at D:\HireSmart-AI\server\node_modules\router\index.js:297:9
    at processParams (D:\HireSmart-AI\server\node_modules\router\index.js:582:12)
    at next (D:\HireSmart-AI\server\node_modules\router\index.js:291:5)
    at D:\HireSmart-AI\server\node_modules\router\index.js:688:15
    at next (D:\HireSmart-AI\server\node_modules\router\index.js:276:14)
    at router.handle (D:\HireSmart-AI\server\node_modules\router\index.js:186:3)
    at router (D:\HireSmart-AI\server\node_modules\router\index.js:60:12)
2026-08-01 19:20:18 [ERROR] Error: Route PUT /api/jobs/myjobs/6a6df6e2fe7c76c651d9ac9f was not found
    at D:\HireSmart-AI\server\app.js:96:10
    at Layer.handleRequest (D:\HireSmart-AI\server\node_modules\router\lib\layer.js:152:17)
    at trimPrefix (D:\HireSmart-AI\server\node_modules\router\index.js:342:13)
    at D:\HireSmart-AI\server\node_modules\router\index.js:297:9
    at processParams (D:\HireSmart-AI\server\node_modules\router\index.js:582:12)
    at next (D:\HireSmart-AI\server\node_modules\router\index.js:291:5)
    at D:\HireSmart-AI\server\node_modules\router\index.js:688:15
    at next (D:\HireSmart-AI\server\node_modules\router\index.js:276:14)
    at router.handle (D:\HireSmart-AI\server\node_modules\router\index.js:186:3)
    at router (D:\HireSmart-AI\server\node_modules\router\index.js:60:12)
2026-08-01 19:20:26 [ERROR] Error: Route PUT /api/jobs/jobs/6a6df6e2fe7c76c651d9ac9f was not found
    at D:\HireSmart-AI\server\app.js:96:10
    at Layer.handleRequest (D:\HireSmart-AI\server\node_modules\router\lib\layer.js:152:17)
    at trimPrefix (D:\HireSmart-AI\server\node_modules\router\index.js:342:13)
    at D:\HireSmart-AI\server\node_modules\router\index.js:297:9
    at processParams (D:\HireSmart-AI\server\node_modules\router\index.js:582:12)
    at next (D:\HireSmart-AI\server\node_modules\router\index.js:291:5)
    at D:\HireSmart-AI\server\node_modules\router\index.js:688:15
    at next (D:\HireSmart-AI\server\node_modules\router\index.js:276:14)
    at router.handle (D:\HireSmart-AI\server\node_modules\router\index.js:186:3)
    at router (D:\HireSmart-AI\server\node_modules\router\index.js:60:12)
2026-08-01 19:39:19 [ERROR] Error: Upload a resume before applying
    at D:\HireSmart-AI\server\controllers\jobController.js:340:15
    at process.processTicksAndRejections (node:internal/process/task_queues:104:5)
2026-08-01 19:48:55 [ERROR] ReferenceError: user is not defined
    at D:\HireSmart-AI\server\controllers\jobController.js:478:18
    at process.processTicksAndRejections (node:internal/process/task_queues:104:5)
2026-08-01 19:49:17 [ERROR] Error: Job not found
    at D:\HireSmart-AI\server\controllers\jobController.js:479:15
    at process.processTicksAndRejections (node:internal/process/task_queues:104:5)
2026-08-01 19:49:27 [ERROR] ReferenceError: user is not defined
    at D:\HireSmart-AI\server\controllers\jobController.js:478:18
    at process.processTicksAndRejections (node:internal/process/task_queues:104:5)
2026-08-01 19:49:29 [ERROR] ReferenceError: user is not defined
    at D:\HireSmart-AI\server\controllers\jobController.js:478:18
    at process.processTicksAndRejections (node:internal/process/task_queues:104:5)
2026-08-01 19:49:32 [ERROR] ReferenceError: user is not defined
    at D:\HireSmart-AI\server\controllers\jobController.js:478:18
    at process.processTicksAndRejections (node:internal/process/task_queues:104:5)
2026-08-01 19:49:49 [ERROR] ReferenceError: user is not defined
    at D:\HireSmart-AI\server\controllers\jobController.js:478:18
    at process.processTicksAndRejections (node:internal/process/task_queues:104:5)
2026-08-01 19:49:51 [ERROR] ReferenceError: user is not defined
    at D:\HireSmart-AI\server\controllers\jobController.js:478:18
    at process.processTicksAndRejections (node:internal/process/task_queues:104:5)
2026-08-01 19:53:55 [ERROR] Error: Job is already saved
    at D:\HireSmart-AI\server\controllers\jobController.js:488:15
    at process.processTicksAndRejections (node:internal/process/task_queues:104:5)
2026-08-01 20:08:13 [ERROR] Error: You are not authorized to access this job
    at getOwnedJob (D:\HireSmart-AI\server\controllers\jobController.js:137:15)
    at process.processTicksAndRejections (node:internal/process/task_queues:104:5)
    at async D:\HireSmart-AI\server\controllers\jobController.js:265:17
2026-08-01 20:09:33 [ERROR] Error: Job not found
    at getOwnedJob (D:\HireSmart-AI\server\controllers\jobController.js:133:15)
    at process.processTicksAndRejections (node:internal/process/task_queues:104:5)
    at async D:\HireSmart-AI\server\controllers\jobController.js:283:17
2026-08-01 20:10:49 [ERROR] Error: Job not found
    at getOwnedJob (D:\HireSmart-AI\server\controllers\jobController.js:133:15)
    at process.processTicksAndRejections (node:internal/process/task_queues:104:5)
    at async D:\HireSmart-AI\server\controllers\jobController.js:378:17
2026-08-01 20:13:04 [ERROR] Error: Job not found
    at getOwnedJob (D:\HireSmart-AI\server\controllers\jobController.js:133:15)
    at process.processTicksAndRejections (node:internal/process/task_queues:104:5)
    at async D:\HireSmart-AI\server\controllers\jobController.js:378:17
2026-08-01 20:15:34 [ERROR] Error: Invalid application status
    at D:\HireSmart-AI\server\controllers\jobController.js:629:15
    at D:\HireSmart-AI\server\middleware\asyncHandler.js:3:25
    at Layer.handleRequest (D:\HireSmart-AI\server\node_modules\router\lib\layer.js:152:17)
    at next (D:\HireSmart-AI\server\node_modules\router\lib\route.js:157:13)
    at D:\HireSmart-AI\server\middleware\authMiddleware.js:84:9
    at Layer.handleRequest (D:\HireSmart-AI\server\node_modules\router\lib\layer.js:152:17)
    at next (D:\HireSmart-AI\server\node_modules\router\lib\route.js:157:13)
    at exports.protect (D:\HireSmart-AI\server\middleware\authMiddleware.js:56:9)
    at process.processTicksAndRejections (node:internal/process/task_queues:104:5)
2026-08-01 20:16:06 [ERROR] Error: Invalid application status
    at D:\HireSmart-AI\server\controllers\jobController.js:629:15
    at D:\HireSmart-AI\server\middleware\asyncHandler.js:3:25
    at Layer.handleRequest (D:\HireSmart-AI\server\node_modules\router\lib\layer.js:152:17)
    at next (D:\HireSmart-AI\server\node_modules\router\lib\route.js:157:13)
    at D:\HireSmart-AI\server\middleware\authMiddleware.js:84:9
    at Layer.handleRequest (D:\HireSmart-AI\server\node_modules\router\lib\layer.js:152:17)
    at next (D:\HireSmart-AI\server\node_modules\router\lib\route.js:157:13)
    at exports.protect (D:\HireSmart-AI\server\middleware\authMiddleware.js:56:9)
    at process.processTicksAndRejections (node:internal/process/task_queues:104:5)
2026-08-01 20:16:08 [ERROR] Error: Invalid application status
    at D:\HireSmart-AI\server\controllers\jobController.js:629:15
    at D:\HireSmart-AI\server\middleware\asyncHandler.js:3:25
    at Layer.handleRequest (D:\HireSmart-AI\server\node_modules\router\lib\layer.js:152:17)
    at next (D:\HireSmart-AI\server\node_modules\router\lib\route.js:157:13)
    at D:\HireSmart-AI\server\middleware\authMiddleware.js:84:9
    at Layer.handleRequest (D:\HireSmart-AI\server\node_modules\router\lib\layer.js:152:17)
    at next (D:\HireSmart-AI\server\node_modules\router\lib\route.js:157:13)
    at exports.protect (D:\HireSmart-AI\server\middleware\authMiddleware.js:56:9)
    at process.processTicksAndRejections (node:internal/process/task_queues:104:5)
2026-08-01 20:16:27 [ERROR] Error: Invalid application status
    at D:\HireSmart-AI\server\controllers\jobController.js:629:15
    at D:\HireSmart-AI\server\middleware\asyncHandler.js:3:25
    at Layer.handleRequest (D:\HireSmart-AI\server\node_modules\router\lib\layer.js:152:17)
    at next (D:\HireSmart-AI\server\node_modules\router\lib\route.js:157:13)
    at D:\HireSmart-AI\server\middleware\authMiddleware.js:84:9
    at Layer.handleRequest (D:\HireSmart-AI\server\node_modules\router\lib\layer.js:152:17)
    at next (D:\HireSmart-AI\server\node_modules\router\lib\route.js:157:13)
    at exports.protect (D:\HireSmart-AI\server\middleware\authMiddleware.js:56:9)
    at process.processTicksAndRejections (node:internal/process/task_queues:104:5)
2026-08-01 20:16:36 [ERROR] Error: Invalid application status
    at D:\HireSmart-AI\server\controllers\jobController.js:629:15
    at D:\HireSmart-AI\server\middleware\asyncHandler.js:3:25
    at Layer.handleRequest (D:\HireSmart-AI\server\node_modules\router\lib\layer.js:152:17)
    at next (D:\HireSmart-AI\server\node_modules\router\lib\route.js:157:13)
    at D:\HireSmart-AI\server\middleware\authMiddleware.js:84:9
    at Layer.handleRequest (D:\HireSmart-AI\server\node_modules\router\lib\layer.js:152:17)
    at next (D:\HireSmart-AI\server\node_modules\router\lib\route.js:157:13)
    at exports.protect (D:\HireSmart-AI\server\middleware\authMiddleware.js:56:9)
    at process.processTicksAndRejections (node:internal/process/task_queues:104:5)
2026-08-01 20:16:46 [ERROR] Error: Invalid application status
    at D:\HireSmart-AI\server\controllers\jobController.js:629:15
    at D:\HireSmart-AI\server\middleware\asyncHandler.js:3:25
    at Layer.handleRequest (D:\HireSmart-AI\server\node_modules\router\lib\layer.js:152:17)
    at next (D:\HireSmart-AI\server\node_modules\router\lib\route.js:157:13)
    at D:\HireSmart-AI\server\middleware\authMiddleware.js:84:9
    at Layer.handleRequest (D:\HireSmart-AI\server\node_modules\router\lib\layer.js:152:17)
    at next (D:\HireSmart-AI\server\node_modules\router\lib\route.js:157:13)
    at exports.protect (D:\HireSmart-AI\server\middleware\authMiddleware.js:56:9)
    at process.processTicksAndRejections (node:internal/process/task_queues:104:5)
2026-08-01 20:20:15 [ERROR] Error: Job not found
    at getOwnedJob (D:\HireSmart-AI\server\controllers\jobController.js:133:15)
    at process.processTicksAndRejections (node:internal/process/task_queues:104:5)
    at async D:\HireSmart-AI\server\controllers\jobController.js:378:17
2026-08-01 20:26:18 [ERROR] Error: You are not authorized to access this job
    at getOwnedJob (D:\HireSmart-AI\server\controllers\jobController.js:137:15)
    at process.processTicksAndRejections (node:internal/process/task_queues:104:5)
    at async D:\HireSmart-AI\server\controllers\jobController.js:636:17
2026-08-01 20:29:55 [ERROR] Error: Invalid application status
    at D:\HireSmart-AI\server\controllers\jobController.js:384:19
    at process.processTicksAndRejections (node:internal/process/task_queues:104:5)
2026-08-01 20:31:49 [ERROR] Error: Invalid application status
    at D:\HireSmart-AI\server\controllers\jobController.js:384:19
    at process.processTicksAndRejections (node:internal/process/task_queues:104:5)
2026-08-01 20:32:02 [ERROR] Error: Job not found
    at getOwnedJob (D:\HireSmart-AI\server\controllers\jobController.js:133:15)
    at process.processTicksAndRejections (node:internal/process/task_queues:104:5)
    at async D:\HireSmart-AI\server\controllers\jobController.js:378:17
2026-08-01 20:32:16 [ERROR] Error: Invalid application status
    at D:\HireSmart-AI\server\controllers\jobController.js:384:19
    at process.processTicksAndRejections (node:internal/process/task_queues:104:5)
2026-08-01 20:32:28 [ERROR] Error: Invalid application status
    at D:\HireSmart-AI\server\controllers\jobController.js:384:19
    at process.processTicksAndRejections (node:internal/process/task_queues:104:5)
2026-08-01 20:53:27 [ERROR] Error: Job not found
    at getOwnedJob (D:\HireSmart-AI\server\controllers\jobController.js:133:15)
    at process.processTicksAndRejections (node:internal/process/task_queues:104:5)
    at async D:\HireSmart-AI\server\controllers\jobController.js:378:17
2026-08-01 20:54:36 [ERROR] Error: Job not found
    at getOwnedJob (D:\HireSmart-AI\server\controllers\jobController.js:133:15)
    at process.processTicksAndRejections (node:internal/process/task_queues:104:5)
    at async D:\HireSmart-AI\server\controllers\jobController.js:378:17
2026-08-01 20:56:11 [ERROR] Error: jobId is required to download a candidate resume
    at D:\HireSmart-AI\server\controllers\jobController.js:741:15
    at D:\HireSmart-AI\server\middleware\asyncHandler.js:3:25
    at Layer.handleRequest (D:\HireSmart-AI\server\node_modules\router\lib\layer.js:152:17)
    at next (D:\HireSmart-AI\server\node_modules\router\lib\route.js:157:13)
    at D:\HireSmart-AI\server\middleware\authMiddleware.js:84:9
    at Layer.handleRequest (D:\HireSmart-AI\server\node_modules\router\lib\layer.js:152:17)
    at next (D:\HireSmart-AI\server\node_modules\router\lib\route.js:157:13)
    at exports.protect (D:\HireSmart-AI\server\middleware\authMiddleware.js:56:9)
    at process.processTicksAndRejections (node:internal/process/task_queues:104:5)
2026-08-01 20:56:33 [ERROR] Error: jobId is required to download a candidate resume
    at D:\HireSmart-AI\server\controllers\jobController.js:741:15
    at D:\HireSmart-AI\server\middleware\asyncHandler.js:3:25
    at Layer.handleRequest (D:\HireSmart-AI\server\node_modules\router\lib\layer.js:152:17)
    at next (D:\HireSmart-AI\server\node_modules\router\lib\route.js:157:13)
    at D:\HireSmart-AI\server\middleware\authMiddleware.js:84:9
    at Layer.handleRequest (D:\HireSmart-AI\server\node_modules\router\lib\layer.js:152:17)
    at next (D:\HireSmart-AI\server\node_modules\router\lib\route.js:157:13)
    at exports.protect (D:\HireSmart-AI\server\middleware\authMiddleware.js:56:9)
    at process.processTicksAndRejections (node:internal/process/task_queues:104:5)
2026-08-01 20:56:43 [ERROR] Error: jobId is required to download a candidate resume
    at D:\HireSmart-AI\server\controllers\jobController.js:741:15
    at D:\HireSmart-AI\server\middleware\asyncHandler.js:3:25
    at Layer.handleRequest (D:\HireSmart-AI\server\node_modules\router\lib\layer.js:152:17)
    at next (D:\HireSmart-AI\server\node_modules\router\lib\route.js:157:13)
    at D:\HireSmart-AI\server\middleware\authMiddleware.js:84:9
    at Layer.handleRequest (D:\HireSmart-AI\server\node_modules\router\lib\layer.js:152:17)
    at next (D:\HireSmart-AI\server\node_modules\router\lib\route.js:157:13)
    at exports.protect (D:\HireSmart-AI\server\middleware\authMiddleware.js:56:9)
    at process.processTicksAndRejections (node:internal/process/task_queues:104:5)
2026-08-01 20:58:03 [ERROR] Error: jobId is required to download a candidate resume
    at D:\HireSmart-AI\server\controllers\jobController.js:741:15
    at D:\HireSmart-AI\server\middleware\asyncHandler.js:3:25
    at Layer.handleRequest (D:\HireSmart-AI\server\node_modules\router\lib\layer.js:152:17)
    at next (D:\HireSmart-AI\server\node_modules\router\lib\route.js:157:13)
    at D:\HireSmart-AI\server\middleware\authMiddleware.js:84:9
    at Layer.handleRequest (D:\HireSmart-AI\server\node_modules\router\lib\layer.js:152:17)
    at next (D:\HireSmart-AI\server\node_modules\router\lib\route.js:157:13)
    at exports.protect (D:\HireSmart-AI\server\middleware\authMiddleware.js:56:9)
    at process.processTicksAndRejections (node:internal/process/task_queues:104:5)
2026-08-01 20:58:06 [ERROR] Error: jobId is required to download a candidate resume
    at D:\HireSmart-AI\server\controllers\jobController.js:741:15
    at D:\HireSmart-AI\server\middleware\asyncHandler.js:3:25
    at Layer.handleRequest (D:\HireSmart-AI\server\node_modules\router\lib\layer.js:152:17)
    at next (D:\HireSmart-AI\server\node_modules\router\lib\route.js:157:13)
    at D:\HireSmart-AI\server\middleware\authMiddleware.js:84:9
    at Layer.handleRequest (D:\HireSmart-AI\server\node_modules\router\lib\layer.js:152:17)
    at next (D:\HireSmart-AI\server\node_modules\router\lib\route.js:157:13)
    at exports.protect (D:\HireSmart-AI\server\middleware\authMiddleware.js:56:9)
    at process.processTicksAndRejections (node:internal/process/task_queues:104:5)
2026-08-01 20:58:14 [ERROR] Error: jobId is required to download a candidate resume
    at D:\HireSmart-AI\server\controllers\jobController.js:741:15
    at D:\HireSmart-AI\server\middleware\asyncHandler.js:3:25
    at Layer.handleRequest (D:\HireSmart-AI\server\node_modules\router\lib\layer.js:152:17)
    at next (D:\HireSmart-AI\server\node_modules\router\lib\route.js:157:13)
    at D:\HireSmart-AI\server\middleware\authMiddleware.js:84:9
    at Layer.handleRequest (D:\HireSmart-AI\server\node_modules\router\lib\layer.js:152:17)
    at next (D:\HireSmart-AI\server\node_modules\router\lib\route.js:157:13)
    at exports.protect (D:\HireSmart-AI\server\middleware\authMiddleware.js:56:9)
    at process.processTicksAndRejections (node:internal/process/task_queues:104:5)
2026-08-01 21:00:44 [ERROR] Error: jobId is required to download a candidate resume
    at D:\HireSmart-AI\server\controllers\jobController.js:741:15
    at D:\HireSmart-AI\server\middleware\asyncHandler.js:3:25
    at Layer.handleRequest (D:\HireSmart-AI\server\node_modules\router\lib\layer.js:152:17)
    at next (D:\HireSmart-AI\server\node_modules\router\lib\route.js:157:13)
    at D:\HireSmart-AI\server\middleware\authMiddleware.js:84:9
    at Layer.handleRequest (D:\HireSmart-AI\server\node_modules\router\lib\layer.js:152:17)
    at next (D:\HireSmart-AI\server\node_modules\router\lib\route.js:157:13)
    at exports.protect (D:\HireSmart-AI\server\middleware\authMiddleware.js:56:9)
    at process.processTicksAndRejections (node:internal/process/task_queues:104:5)
2026-08-01 21:01:00 [ERROR] Error: jobId is required to download a candidate resume
    at D:\HireSmart-AI\server\controllers\jobController.js:741:15
    at D:\HireSmart-AI\server\middleware\asyncHandler.js:3:25
    at Layer.handleRequest (D:\HireSmart-AI\server\node_modules\router\lib\layer.js:152:17)
    at next (D:\HireSmart-AI\server\node_modules\router\lib\route.js:157:13)
    at D:\HireSmart-AI\server\middleware\authMiddleware.js:84:9
    at Layer.handleRequest (D:\HireSmart-AI\server\node_modules\router\lib\layer.js:152:17)
    at next (D:\HireSmart-AI\server\node_modules\router\lib\route.js:157:13)
    at exports.protect (D:\HireSmart-AI\server\middleware\authMiddleware.js:56:9)
    at process.processTicksAndRejections (node:internal/process/task_queues:104:5)
2026-08-02 19:42:59 [ERROR] Error: jobId is required to download a candidate resume
    at D:\HireSmart-AI\server\controllers\jobController.js:741:15
    at D:\HireSmart-AI\server\middleware\asyncHandler.js:3:25
    at Layer.handleRequest (D:\HireSmart-AI\server\node_modules\router\lib\layer.js:152:17)
    at next (D:\HireSmart-AI\server\node_modules\router\lib\route.js:157:13)
    at D:\HireSmart-AI\server\middleware\authMiddleware.js:84:9
    at Layer.handleRequest (D:\HireSmart-AI\server\node_modules\router\lib\layer.js:152:17)
    at next (D:\HireSmart-AI\server\node_modules\router\lib\route.js:157:13)
    at exports.protect (D:\HireSmart-AI\server\middleware\authMiddleware.js:56:9)
    at process.processTicksAndRejections (node:internal/process/task_queues:104:5)
2026-08-02 19:44:59 [ERROR] Error: jobId is required to download a candidate resume
    at D:\HireSmart-AI\server\controllers\jobController.js:741:15
    at D:\HireSmart-AI\server\middleware\asyncHandler.js:3:25
    at Layer.handleRequest (D:\HireSmart-AI\server\node_modules\router\lib\layer.js:152:17)
    at next (D:\HireSmart-AI\server\node_modules\router\lib\route.js:157:13)
    at D:\HireSmart-AI\server\middleware\authMiddleware.js:84:9
    at Layer.handleRequest (D:\HireSmart-AI\server\node_modules\router\lib\layer.js:152:17)
    at next (D:\HireSmart-AI\server\node_modules\router\lib\route.js:157:13)
    at exports.protect (D:\HireSmart-AI\server\middleware\authMiddleware.js:56:9)
    at process.processTicksAndRejections (node:internal/process/task_queues:104:5)
2026-08-02 19:45:13 [ERROR] Error: jobId is required to download a candidate resume
    at D:\HireSmart-AI\server\controllers\jobController.js:741:15
    at D:\HireSmart-AI\server\middleware\asyncHandler.js:3:25
    at Layer.handleRequest (D:\HireSmart-AI\server\node_modules\router\lib\layer.js:152:17)
    at next (D:\HireSmart-AI\server\node_modules\router\lib\route.js:157:13)
    at D:\HireSmart-AI\server\middleware\authMiddleware.js:84:9
    at Layer.handleRequest (D:\HireSmart-AI\server\node_modules\router\lib\layer.js:152:17)
    at next (D:\HireSmart-AI\server\node_modules\router\lib\route.js:157:13)
    at exports.protect (D:\HireSmart-AI\server\middleware\authMiddleware.js:56:9)
    at process.processTicksAndRejections (node:internal/process/task_queues:104:5)
2026-08-02 19:45:19 [ERROR] Error: jobId is required to download a candidate resume
    at D:\HireSmart-AI\server\controllers\jobController.js:741:15
    at D:\HireSmart-AI\server\middleware\asyncHandler.js:3:25
    at Layer.handleRequest (D:\HireSmart-AI\server\node_modules\router\lib\layer.js:152:17)
    at next (D:\HireSmart-AI\server\node_modules\router\lib\route.js:157:13)
    at D:\HireSmart-AI\server\middleware\authMiddleware.js:84:9
    at Layer.handleRequest (D:\HireSmart-AI\server\node_modules\router\lib\layer.js:152:17)
    at next (D:\HireSmart-AI\server\node_modules\router\lib\route.js:157:13)
    at exports.protect (D:\HireSmart-AI\server\middleware\authMiddleware.js:56:9)
    at process.processTicksAndRejections (node:internal/process/task_queues:104:5)
2026-08-02 19:45:27 [ERROR] Error: jobId is required to download a candidate resume
    at D:\HireSmart-AI\server\controllers\jobController.js:741:15
    at D:\HireSmart-AI\server\middleware\asyncHandler.js:3:25
    at Layer.handleRequest (D:\HireSmart-AI\server\node_modules\router\lib\layer.js:152:17)
    at next (D:\HireSmart-AI\server\node_modules\router\lib\route.js:157:13)
    at D:\HireSmart-AI\server\middleware\authMiddleware.js:84:9
    at Layer.handleRequest (D:\HireSmart-AI\server\node_modules\router\lib\layer.js:152:17)
    at next (D:\HireSmart-AI\server\node_modules\router\lib\route.js:157:13)
    at exports.protect (D:\HireSmart-AI\server\middleware\authMiddleware.js:56:9)
    at process.processTicksAndRejections (node:internal/process/task_queues:104:5)
2026-08-02 19:48:23 [ERROR] Error: jobId is required to download a candidate resume
    at D:\HireSmart-AI\server\controllers\jobController.js:741:15
    at D:\HireSmart-AI\server\middleware\asyncHandler.js:3:25
    at Layer.handleRequest (D:\HireSmart-AI\server\node_modules\router\lib\layer.js:152:17)
    at next (D:\HireSmart-AI\server\node_modules\router\lib\route.js:157:13)
    at D:\HireSmart-AI\server\middleware\authMiddleware.js:84:9
    at Layer.handleRequest (D:\HireSmart-AI\server\node_modules\router\lib\layer.js:152:17)
    at next (D:\HireSmart-AI\server\node_modules\router\lib\route.js:157:13)
    at exports.protect (D:\HireSmart-AI\server\middleware\authMiddleware.js:56:9)
    at process.processTicksAndRejections (node:internal/process/task_queues:104:5)
2026-08-02 19:54:21 [ERROR] Error: Candidate has not applied for this job
    at D:\HireSmart-AI\server\controllers\jobController.js:751:15
    at process.processTicksAndRejections (node:internal/process/task_queues:104:5)
2026-08-02 19:54:51 [ERROR] Error: Candidate has not applied for this job
    at D:\HireSmart-AI\server\controllers\jobController.js:751:15
    at process.processTicksAndRejections (node:internal/process/task_queues:104:5)
2026-08-02 19:54:53 [ERROR] Error: Candidate has not applied for this job
    at D:\HireSmart-AI\server\controllers\jobController.js:751:15
    at process.processTicksAndRejections (node:internal/process/task_queues:104:5)
2026-08-02 19:56:08 [ERROR] Error: You have already applied for this job
    at D:\HireSmart-AI\server\controllers\jobController.js:349:15
    at process.processTicksAndRejections (node:internal/process/task_queues:104:5)
2026-08-02 19:56:45 [ERROR] Error: Candidate has not applied for this job
    at D:\HireSmart-AI\server\controllers\jobController.js:751:15
    at process.processTicksAndRejections (node:internal/process/task_queues:104:5)
2026-08-02 19:56:57 [ERROR] Error: Resume file is unavailable
    at D:\HireSmart-AI\server\controllers\jobController.js:759:15
2026-08-02 19:57:03 [ERROR] Error: Resume file is unavailable
    at D:\HireSmart-AI\server\controllers\jobController.js:759:15
2026-08-02 19:57:40 [ERROR] Error: Candidate has not applied for this job
    at D:\HireSmart-AI\server\controllers\jobController.js:751:15
    at process.processTicksAndRejections (node:internal/process/task_queues:104:5)
2026-08-02 19:58:11 [ERROR] Error: Job not found
    at getOwnedJob (D:\HireSmart-AI\server\controllers\jobController.js:133:15)
    at process.processTicksAndRejections (node:internal/process/task_queues:104:5)
    at async D:\HireSmart-AI\server\controllers\jobController.js:744:5
2026-08-02 19:58:30 [ERROR] Error: Resume file is unavailable
    at D:\HireSmart-AI\server\controllers\jobController.js:759:15
2026-08-02 19:59:47 [ERROR] Error: You have already applied for this job
    at D:\HireSmart-AI\server\controllers\jobController.js:349:15
    at process.processTicksAndRejections (node:internal/process/task_queues:104:5)
2026-08-02 19:59:49 [ERROR] Error: You have already applied for this job
    at D:\HireSmart-AI\server\controllers\jobController.js:349:15
    at process.processTicksAndRejections (node:internal/process/task_queues:104:5)
2026-08-02 20:02:38 [ERROR] Error: Candidate has not applied for this job
    at D:\HireSmart-AI\server\controllers\jobController.js:751:15
    at process.processTicksAndRejections (node:internal/process/task_queues:104:5)
2026-08-02 20:09:01 [ERROR] Error: You are not authorized to access this job
    at getOwnedJob (D:\HireSmart-AI\server\controllers\jobController.js:137:15)
    at process.processTicksAndRejections (node:internal/process/task_queues:104:5)
    at async D:\HireSmart-AI\server\controllers\jobController.js:636:17
2026-08-02 21:05:49 [ERROR] MongooseError: Operation `users.findOne()` buffering timed out after 10000ms
    at Timeout._onTimeout (D:\HireSmart-AI\server\node_modules\mongoose\lib\drivers\node-mongodb-native\collection.js:142:25)
    at listOnTimeout (node:internal/timers:605:17)
    at process.processTimers (node:internal/timers:541:7)
2026-08-02 21:05:59 [ERROR] MongooseError: Operation `users.findOne()` buffering timed out after 10000ms
    at Timeout._onTimeout (D:\HireSmart-AI\server\node_modules\mongoose\lib\drivers\node-mongodb-native\collection.js:142:25)
    at listOnTimeout (node:internal/timers:605:17)
    at process.processTimers (node:internal/timers:541:7)
2026-08-02 21:11:18 [ERROR] MongooseError: Operation `users.findOne()` buffering timed out after 10000ms
    at Timeout._onTimeout (D:\HireSmart-AI\server\node_modules\mongoose\lib\drivers\node-mongodb-native\collection.js:142:25)
    at listOnTimeout (node:internal/timers:605:17)
    at process.processTimers (node:internal/timers:541:7)
2026-08-02 21:11:28 [ERROR] MongooseError: Operation `users.findOne()` buffering timed out after 10000ms
    at Timeout._onTimeout (D:\HireSmart-AI\server\node_modules\mongoose\lib\drivers\node-mongodb-native\collection.js:142:25)
    at listOnTimeout (node:internal/timers:605:17)
    at process.processTimers (node:internal/timers:541:7)
2026-08-02 21:12:06 [ERROR] MongooseError: Operation `users.findOne()` buffering timed out after 10000ms
    at Timeout._onTimeout (D:\HireSmart-AI\server\node_modules\mongoose\lib\drivers\node-mongodb-native\collection.js:142:25)
    at listOnTimeout (node:internal/timers:605:17)
    at process.processTimers (node:internal/timers:541:7)
2026-08-02 21:12:16 [ERROR] MongooseError: Operation `users.findOne()` buffering timed out after 10000ms
    at Timeout._onTimeout (D:\HireSmart-AI\server\node_modules\mongoose\lib\drivers\node-mongodb-native\collection.js:142:25)
    at listOnTimeout (node:internal/timers:605:17)
    at process.processTimers (node:internal/timers:541:7)
